// Jest Snapshot v1, https://goo.gl/fbAQLP

exports[`renders Footer correctly 1`] = `
<section
  className="about-section"
>
  <img
    alt="home"
    className="img-fluid"
    src="houses.jpeg"
  />
  <div
    className="about-section-details"
  >
    <h4>
      Only best place for your rest
    </h4>
    <p>
      More than hundreds of house at your disposal. Only the best and checked with owners. We will find best place for you and conditions for a safe and comfortable place.
    </p>
    <button
      className="btn"
      type="button"
    >
      Start free
    </button>
  </div>
</section>
`;
