// Jest Snapshot v1, https://goo.gl/fbAQLP

exports[`test render House should match snapshoot 1`] = `
<div
  className="column house"
>
  <img
    alt="house Pent house"
  />
  <div
    className="column house-content-wrapper"
  >
    <div
      className="column max-content-flex house-content"
    >
      <div
        className="row space-between"
      >
        <h4
          className="max-content-flex house-title"
        >
          Pent house
        </h4>
        <h4>
          $
          300000.0
           
          <br />
          per Month
        </h4>
      </div>
      <p
        className="desktop-only house-description"
      >
        This house has 5 rooms upstairs and 4 rooms downstairs. Home design emphasizes clean lines and geometric shapes.
         The magic thing about this houe is that it feels good to leave, and it feels even better to come back.
         Modern Conveniences and Green Features. Well-Placed Bathrooms. Quality Construction with Distinct Architecture. 
         Plenty of Storage Space. It's important to have designated storage areas and large closets.
      </p>
    </div>
    <button
      className="add-favorite btn-default"
      onClick={[Function]}
      type="button"
    >
      Delete
    </button>
  </div>
</div>
`;
