// Jest Snapshot v1, https://goo.gl/fbAQLP

exports[`test render Add House page should match snapshoot 1`] = `
Array [
  <h1>
    Houses
  </h1>,
  <p
    className="flex-center empty-list"
  >
    No Houses: List Empty
  </p>,
]
`;
